<html>
<body>
<pre>
<h1>µVision Build Log</h1>
<h2>Tool Versions:</h2>
IDE-Version: ¦ÌVision V5.24.2.0
Copyright (C) 2017 ARM Ltd and ARM Germany GmbH. All rights reserved.
License Information: sun pz, saipu, LIC=Y2BQD-8CVPE-XAVDC-7RX7S-K8DH2-A1FLP
 
Tool Versions:
Toolchain:       MDK-ARM Professional  Version: 5.24.1
Toolchain Path:  D:\Program Files\keil_v5\ARM\ARMCC\Bin
C Compiler:      Armcc.exe V5.06 update 5 (build 528)
Assembler:       Armasm.exe V5.06 update 5 (build 528)
Linker/Locator:  ArmLink.exe V5.06 update 5 (build 528)
Library Manager: ArmAr.exe V5.06 update 5 (build 528)
Hex Converter:   FromElf.exe V5.06 update 5 (build 528)
CPU DLL:         SARMCM3.DLL V5.24.1
Dialog DLL:      DCM.DLL V1.16.0.0
Target DLL:      Segger\JL2CM3.dll V2.99.26.0
Dialog DLL:      TCM.DLL V1.32.0.0
 
<h2>Project:</h2>
D:\Gitlab\14_nbiot\cola_os_lora\bsp\STM32F1xx_STD\STM32F1xx.uvprojx
Project File Date:  02/06/2020

<h2>Output:</h2>
*** Using Compiler 'V5.06 update 5 (build 528)', folder: 'D:\Program Files\keil_v5\ARM\ARMCC\Bin'
Build target 'Project_Name'
linking...
.\Objects\ExecutableFile.axf: Warning: L6330W: Undefined symbol initcall1init$$Base (referred from cola_init.o). Unused section has been removed.
.\Objects\ExecutableFile.axf: Warning: L6330W: Undefined symbol initcall1init$$Limit (referred from cola_init.o). Unused section has been removed.
.\Objects\ExecutableFile.axf: Warning: L6330W: Undefined symbol initcall3init$$Base (referred from cola_init.o). Unused section has been removed.
.\Objects\ExecutableFile.axf: Warning: L6330W: Undefined symbol initcall3init$$Limit (referred from cola_init.o). Unused section has been removed.
Program Size: Code=3988 RO-data=276 RW-data=72 ZI-data=1504  
Finished: 0 information, 4 warning and 0 error messages.
FromELF: creating hex file...
".\Objects\ExecutableFile.axf" - 0 Error(s), 4 Warning(s).

<h2>Software Packages used:</h2>

Package Vendor: Keil
                http://www.keil.com/pack/Keil.STM32F1xx_DFP.1.1.0.pack
                Keil.STM32F1xx_DFP.1.1.0
                STMicroelectronics STM32F1 Series Device Support, Drivers and Examples

<h2>Collection of Component include folders:</h2>
  .\RTE\_Project_Name
  D:\Program Files\keil_v5\ARM\PACK\Keil\STM32F1xx_DFP\1.1.0\Device\Include

<h2>Collection of Component Files used:</h2>
Build Time Elapsed:  00:00:01
</pre>
</body>
</html>
